// Jest Snapshot v1, https://goo.gl/fbAQLP

exports[`_slug.vue renders correctly 1`] = `
"<v-container-stub tag=\\"div\\">
  <v-layout-stub tag=\\"div\\" column=\\"\\" justify-start=\\"\\" align-stretch=\\"\\">
    <v-flex-stub tag=\\"div\\" xs12=\\"\\" sm12=\\"\\" md12=\\"\\">
      <!---->
      <pager-stub></pager-stub>
    </v-flex-stub>
  </v-layout-stub>
</v-container-stub>"
`;
