// Jest Snapshot v1, https://goo.gl/fbAQLP

exports[`Navbar.vue renders correctly 1`] = `
"<div class=\\"nav\\">
  <header class=\\"v-sheet theme--light v-toolbar v-toolbar--absolute v-toolbar--flat v-app-bar\\" style=\\"height: 64px; margin-top: 0px; transform: translateY(0px); left: 0px; right: 0px;\\">
    <div class=\\"v-toolbar__content\\" style=\\"height: 64px;\\"><button type=\\"button\\" class=\\"v-app-bar__nav-icon v-btn v-btn--flat v-btn--icon v-btn--round theme--light v-size--default\\"><span class=\\"v-btn__content\\"><i aria-hidden=\\"true\\" class=\\"v-icon notranslate mdi mdi-menu theme--light\\"></i></span></button>
      <div class=\\"v-toolbar__title\\"><a class=\\"text--primary header-title-link\\">
          Grid By Numbers
        </a></div>
    </div>
  </header>
  <nav class=\\"v-navigation-drawer v-navigation-drawer--close v-navigation-drawer--fixed v-navigation-drawer--floating v-navigation-drawer--is-mobile theme--light\\" style=\\"height: 100vh; top: 0px; transform: translateX(-100%); width: 256px;\\">
    <div class=\\"v-navigation-drawer__content\\">
      <div class=\\"v-list v-sheet theme--light v-list--dense v-list--nav\\">
        <div class=\\"v-subheader mt-2 theme--light\\"><span class=\\"nav-drawer-header\\">Table of Contents</span></div>
      </div> <a tabindex=\\"0\\" class=\\"link-text v-list-item v-list-item--link theme--light primary--text\\">
        <div class=\\"v-list-item__content\\">
          <div class=\\"v-list-item__title\\">title1</div>
        </div>
      </a><a tabindex=\\"0\\" class=\\"link-text v-list-item v-list-item--link theme--light primary--text\\">
        <div class=\\"v-list-item__content\\">
          <div class=\\"v-list-item__title\\">title2</div>
        </div>
      </a><a tabindex=\\"0\\" class=\\"link-text v-list-item v-list-item--link theme--light primary--text\\">
        <div class=\\"v-list-item__content\\">
          <div class=\\"v-list-item__title\\">title3</div>
        </div>
      </a>
    </div>
    <div class=\\"v-navigation-drawer__border\\"></div>
  </nav>
</div>"
`;
